<!DOCTYPE html>
<html>
<head>
	<meta charset="utf-8">
	<title>just a test foo!</title>
    <link rel="stylesheet" href="http://mycdn.com/www/1604/c/foo.css">
</head>
<body>
</body>
<script src="http://mycdn.com/www/1604/j/foo.js"></script>
</html>